Circuit: * D:\Users\Utilisateur\Desktop\S1A22_Satta_Turpin\simu_complete.asc

Per .tran options, skipping operating point for transient analysis.
Changing Tseed to 1e-008
Changing Tseed to 1e-010
Changing Tseed to 1e-007

Date: Fri Dec 16 10:45:05 2022
Total elapsed time: 0.215 seconds.

tnom = 27
temp = 27
method = modified trap
totiter = 11652
traniter = 11652
tranpoints = 3825
accept = 2630
rejected = 1192
matrix size = 76
fillins = 177
solver = Normal
Thread vector: 4.9/3.8[2] 1.3/1.2[1] 0.9/0.7[2] 0.9/1.1[1]  2592/500
Matrix Compiler1: 13.64 KB object code size  4.7/1.5/[0.4]
Matrix Compiler2: 9.67 KB object code size  0.9/0.9/[0.3]

